Classes: ['Bird-drop', 'Clean', 'Dusty', 'Electrical-damage', 'Physical-Damage', 'Snow-Covered']
Total images: 869
Loading frozen backbones (once, shared across all folds)...
Backbones loaded.
Prepared 5 stratified folds.

======================================================================
MobileNetV2 — fold 1/5
======================================================================
MobileNetV2 fold 0: acc=0.7816 f1=0.7960 (413.2s, 25 epochs)

======================================================================
MobileNetV2 — fold 2/5
======================================================================
MobileNetV2 fold 1: acc=0.7989 f1=0.8113 (447.4s, 23 epochs)

======================================================================
MobileNetV2 — fold 3/5
======================================================================
MobileNetV2 fold 2: acc=0.7759 f1=0.7563 (390.0s, 20 epochs)

======================================================================
MobileNetV2 — fold 4/5
======================================================================
MobileNetV2 fold 3: acc=0.7759 f1=0.7739 (432.7s, 25 epochs)

======================================================================
MobileNetV2 — fold 5/5
======================================================================
MobileNetV2 fold 4: acc=0.7630 f1=0.7802 (454.7s, 24 epochs)

======================================================================
EfficientNet-Lite — fold 1/5
======================================================================
EfficientNet-Lite fold 0: acc=0.7816 f1=0.7954 (386.7s, 25 epochs)

======================================================================
EfficientNet-Lite — fold 2/5
======================================================================
EfficientNet-Lite fold 1: acc=0.8046 f1=0.8281 (352.6s, 25 epochs)

======================================================================
EfficientNet-Lite — fold 3/5
======================================================================
EfficientNet-Lite fold 2: acc=0.7931 f1=0.7868 (331.9s, 25 epochs)

======================================================================
EfficientNet-Lite — fold 4/5
======================================================================
EfficientNet-Lite fold 3: acc=0.6839 f1=0.6778 (347.8s, 25 epochs)

======================================================================
EfficientNet-Lite — fold 5/5
======================================================================
EfficientNet-Lite fold 4: acc=0.7341 f1=0.7384 (367.5s, 25 epochs)

======================================================================
ShuffleNetV2 — fold 1/5
======================================================================
ShuffleNetV2 fold 0: acc=0.6667 f1=0.6990 (320.6s, 25 epochs)

======================================================================
ShuffleNetV2 — fold 2/5
======================================================================
ShuffleNetV2 fold 1: acc=0.6437 f1=0.6601 (338.7s, 25 epochs)

======================================================================
ShuffleNetV2 — fold 3/5
======================================================================
ShuffleNetV2 fold 2: acc=0.7184 f1=0.7130 (333.7s, 25 epochs)

======================================================================
ShuffleNetV2 — fold 4/5
======================================================================
ShuffleNetV2 fold 3: acc=0.6667 f1=0.6411 (341.6s, 25 epochs)

======================================================================
ShuffleNetV2 — fold 5/5
======================================================================
ShuffleNetV2 fold 4: acc=0.6705 f1=0.6945 (324.0s, 25 epochs)

======================================================================
VGG16 — fold 1/5
======================================================================
